[      0s] 200/2760 done; pairs padded_shrink n=6 seed=0: ok
[      0s] 400/2760 done; rand-m4 alg1 n=10 seed=6: ok
[     28s] 600/2760 done; rand-m2 alg1 n=15 seed=8: ok
[    625s] 713/2760 done; thr-dual padded_shrink n=14 seed=0: timeout
[    626s] 716/2760 done; thr-dual alg1 n=14 seed=0: timeout
[    636s] 725/2760 done; thr padded_shrink n=14 seed=0: timeout
[    638s] 731/2760 done; thr alg1 n=14 seed=0: timeout
[    642s] 737/2760 done; thr-dual padded n=14 seed=0: timeout
[    704s] 743/2760 done; thr padded n=14 seed=0: timeout
[    847s] 800/2760 done; rand-m2 b2 n=20 seed=4: ok
[   1120s] 893/2760 done; dual padded n=18 seed=0: timeout
[   1716s] 933/2760 done; pairs padded n=20 seed=0: timeout
[   1778s] 938/2760 done; thr b1 n=20 seed=0: timeout
[   1813s] 943/2760 done; thr b2 n=20 seed=0: timeout
[   1819s] 948/2760 done; thr-dual b1 n=20 seed=0: timeout
[   1846s] 953/2760 done; thr-dual b2 n=20 seed=0: timeout
[   1899s] 958/2760 done; dual padded_shrink n=22 seed=0: timeout
[   1932s] 963/2760 done; dual b1 n=22 seed=0: timeout
[   2034s] 968/2760 done; dual alg1 n=24 seed=0: timeout
[   2037s] 973/2760 done; rand-m1 padded n=25 seed=0: timeout
[   2084s] 978/2760 done; rand-m1 padded n=25 seed=1: timeout
[   2317s] 983/2760 done; rand-m1 padded n=25 seed=2: timeout
[   2378s] 988/2760 done; rand-m1 padded n=25 seed=3: timeout
[   2414s] 993/2760 done; rand-m1 padded n=25 seed=4: timeout
[   2419s] 998/2760 done; rand-m1 padded n=25 seed=5: timeout
[   2420s] 1000/2760 done; rand-m2 b2 n=25 seed=4: ok
[   2447s] 1003/2760 done; rand-m1 padded n=25 seed=6: timeout
[   2499s] 1008/2760 done; rand-m1 padded n=25 seed=7: timeout
[   2533s] 1013/2760 done; rand-m1 padded n=25 seed=8: timeout
[   2634s] 1018/2760 done; rand-m1 padded n=25 seed=9: timeout
[   2637s] 1023/2760 done; rand-m2 padded n=25 seed=0: timeout
[   2684s] 1028/2760 done; rand-m2 padded n=25 seed=1: timeout
[   2917s] 1033/2760 done; rand-m2 padded n=25 seed=2: timeout
[   2979s] 1038/2760 done; rand-m2 padded n=25 seed=3: timeout
[   3014s] 1043/2760 done; rand-m2 padded n=25 seed=4: timeout
[   3020s] 1048/2760 done; rand-m2 padded n=25 seed=5: timeout
[   3047s] 1053/2760 done; rand-m2 padded n=25 seed=6: timeout
[   3100s] 1058/2760 done; rand-m2 padded n=25 seed=7: timeout
[   3133s] 1063/2760 done; rand-m2 padded n=25 seed=8: timeout
[   3235s] 1068/2760 done; rand-m2 padded n=25 seed=9: timeout
[   3238s] 1073/2760 done; rand-m4 padded n=25 seed=0: timeout
[   3248s] 1200/2760 done; rand-m1 b3 n=35 seed=0: ok
[   3260s] 1400/2760 done; rand-m4 b3 n=40 seed=0: ok
[   3283s] 1600/2760 done; rand-m2 b3 n=50 seed=0: ok
[   3285s] 1626/2760 done; rand-m4 padded n=25 seed=1: timeout
[   3518s] 1742/2760 done; rand-m4 padded n=25 seed=2: timeout
[   3525s] 1800/2760 done; rand-m1 b3 n=60 seed=0: ok
[   3573s] 2000/2760 done; rand-m4 b3 n=65 seed=5: ok
[   3579s] 2039/2760 done; rand-m4 padded n=25 seed=3: timeout
[   3615s] 2058/2760 done; rand-m4 padded n=25 seed=4: timeout
[   3620s] 2061/2760 done; rand-m4 padded n=25 seed=5: timeout
[   3648s] 2069/2760 done; rand-m4 padded n=25 seed=6: timeout
[   3659s] 2200/2760 done; rand-m1 b3 n=80 seed=1: ok
[   3700s] 2279/2760 done; rand-m4 padded n=25 seed=7: timeout
[   3734s] 2287/2760 done; rand-m4 padded n=25 seed=8: timeout
[   3835s] 2299/2760 done; rand-m4 padded n=25 seed=9: timeout
[   4125s] 2302/2760 done; rand-m1 alg1 n=60 seed=2: timeout
[   4126s] 2303/2760 done; rand-m1 padded_shrink n=60 seed=2: timeout
[   4308s] 2304/2760 done; rand-m2 alg1 n=75 seed=8: timeout
[   4346s] 2305/2760 done; rand-m2 padded_shrink n=75 seed=8: timeout
counts: 2305 jobs run, 455 skipped after a timeout in their series, 4346 s
gadget fixed-1      n=4 |H|=3: 16,16,1,1,5,0.060
gadget fixed-2      n=4 |H|=2: 16,16,1,1,5,0.006
gadget fixed-3      n=4 |H|=2: 16,16,1,1,6,0.006
gadget fixed-4      n=5 |H|=3: 32,32,1,1,7,0.204
gadget fixed-5      n=5 |H|=4: 32,32,1,1,8,5.314
gadget rand-n4-s0   n=4 |H|=2: 16,16,1,1,4,0.005
gadget rand-n4-s1   n=4 |H|=2: 16,16,1,1,5,0.007
gadget rand-n4-s2   n=4 |H|=1: 16,16,1,1,2,0.001
gadget rand-n4-s3   n=4 |H|=2: 16,16,1,1,4,0.004
gadget rand-n4-s4   n=4 |H|=2: 16,16,1,1,4,0.004
gadget rand-n4-s5   n=4 |H|=2: 16,16,1,1,5,0.007
gadget rand-n4-s6   n=4 |H|=2: 16,16,1,1,3,0.003
gadget rand-n4-s7   n=4 |H|=2: 16,16,1,1,5,0.007
gadget rand-n5-s0   n=5 |H|=3: 32,32,1,1,5,0.069
gadget rand-n5-s1   n=5 |H|=3: 32,32,1,1,6,0.090
gadget rand-n5-s2   n=5 |H|=3: 32,32,1,1,6,0.246
gadget rand-n5-s3   n=5 |H|=3: 32,32,1,1,6,0.131
gadget rand-n5-s4   n=5 |H|=3: 32,32,1,1,5,0.069
gadget rand-n5-s5   n=5 |H|=3: 32,32,1,1,8,0.260
gadget rand-n5-s6   n=5 |H|=3: 32,32,1,1,7,0.201
gadget rand-n5-s7   n=5 |H|=3: 32,32,1,1,6,0.132
gadget rand-n6-s0   n=6 |H|=2: 64,64,1,1,4,0.015
gadget rand-n6-s1   n=6 |H|=4: 64,64,1,1,5,1.123
gadget rand-n6-s2   n=6 |H|=2: 64,64,1,1,5,0.018
gadget rand-n6-s3   n=6 |H|=2: 64,64,1,1,3,0.011
gadget rand-n6-s4   n=6 |H|=3: 64,64,1,1,4,0.083
gadget rand-n6-s5   n=6 |H|=3: 64,64,1,1,7,0.390
gadget rand-n6-s6   n=6 |H|=2: 64,64,1,1,3,0.012
gadget rand-n6-s7   n=6 |H|=1: 64,64,1,1,2,0.003
gadget stress-n6-m6 n=6 |H|=5: 64,64,1,1,13,329.012
gadget: all instances agree
